stm32f407xx_spi_drv.c:41:6:SPI_ClkCtrl	16	static
stm32f407xx_spi_drv.c:82:6:SPI_Init	24	static
stm32f407xx_spi_drv.c:143:6:SPI_DeInit	16	static
stm32f407xx_spi_drv.c:169:6:SPI_SendData	24	static
stm32f407xx_spi_drv.c:213:9:SPI_SendDataIT	32	static
stm32f407xx_spi_drv.c:254:9:SPI_ReceiveDataIT	32	static
stm32f407xx_spi_drv.c:294:6:SPI_ReceiveData	24	static
stm32f407xx_spi_drv.c:333:6:SPI_IRQInterruptConfig	16	static
stm32f407xx_spi_drv.c:385:6:SPI_IRQPriorityConfig	24	static
stm32f407xx_spi_drv.c:436:6:SPI_IRQHandling	24	static
stm32f407xx_spi_drv.c:492:9:SPI_GetFlagStatus	16	static
stm32f407xx_spi_drv.c:513:6:SPI_PeripheralControl	16	static
stm32f407xx_spi_drv.c:536:6:SPI_SSIConfig	16	static
stm32f407xx_spi_drv.c:559:6:SPI_SSOEConfig	16	static
stm32f407xx_spi_drv.c:571:13:spi_txe_interrupt_handle	16	static
stm32f407xx_spi_drv.c:598:13:spi_rxe_interrupt_handle	16	static
stm32f407xx_spi_drv.c:626:13:spi_ovr_interrupt_handle	24	static
stm32f407xx_spi_drv.c:642:6:SPI_ClearOVRFlag	16	static
stm32f407xx_spi_drv.c:647:6:SPI_CloseTx	16	static
stm32f407xx_spi_drv.c:655:6:SPI_CloseRx	16	static
stm32f407xx_spi_drv.c:675:13:SPI_ApplicationEventCallback	16	static
