Archive member included to satisfy reference by file (symbol)

/opt/st/stm32cubeide_1.5.0/plugins/com.st.stm32cube.ide.mcu.externaltools.gnu-tools-for-stm32.9-2020-q2-update.linux64_2.0.0.202105311346/tools/bin/../lib/gcc/arm-none-eabi/9.3.1/../../../../arm-none-eabi/lib/thumb/v7e-m/nofp/libc_nano.a(lib_a-errno.o)
                              ./Src/syscalls.o (__errno)
/opt/st/stm32cubeide_1.5.0/plugins/com.st.stm32cube.ide.mcu.externaltools.gnu-tools-for-stm32.9-2020-q2-update.linux64_2.0.0.202105311346/tools/bin/../lib/gcc/arm-none-eabi/9.3.1/../../../../arm-none-eabi/lib/thumb/v7e-m/nofp/libc_nano.a(lib_a-exit.o)
                              /opt/st/stm32cubeide_1.5.0/plugins/com.st.stm32cube.ide.mcu.externaltools.gnu-tools-for-stm32.9-2020-q2-update.linux64_2.0.0.202105311346/tools/bin/../lib/gcc/arm-none-eabi/9.3.1/../../../../arm-none-eabi/lib/thumb/v7e-m/nofp/crt0.o (exit)
/opt/st/stm32cubeide_1.5.0/plugins/com.st.stm32cube.ide.mcu.externaltools.gnu-tools-for-stm32.9-2020-q2-update.linux64_2.0.0.202105311346/tools/bin/../lib/gcc/arm-none-eabi/9.3.1/../../../../arm-none-eabi/lib/thumb/v7e-m/nofp/libc_nano.a(lib_a-impure.o)
                              /opt/st/stm32cubeide_1.5.0/plugins/com.st.stm32cube.ide.mcu.externaltools.gnu-tools-for-stm32.9-2020-q2-update.linux64_2.0.0.202105311346/tools/bin/../lib/gcc/arm-none-eabi/9.3.1/../../../../arm-none-eabi/lib/thumb/v7e-m/nofp/libc_nano.a(lib_a-exit.o) (_global_impure_ptr)
/opt/st/stm32cubeide_1.5.0/plugins/com.st.stm32cube.ide.mcu.externaltools.gnu-tools-for-stm32.9-2020-q2-update.linux64_2.0.0.202105311346/tools/bin/../lib/gcc/arm-none-eabi/9.3.1/../../../../arm-none-eabi/lib/thumb/v7e-m/nofp/libc_nano.a(lib_a-init.o)
                              /opt/st/stm32cubeide_1.5.0/plugins/com.st.stm32cube.ide.mcu.externaltools.gnu-tools-for-stm32.9-2020-q2-update.linux64_2.0.0.202105311346/tools/bin/../lib/gcc/arm-none-eabi/9.3.1/../../../../arm-none-eabi/lib/thumb/v7e-m/nofp/crt0.o (__libc_init_array)
/opt/st/stm32cubeide_1.5.0/plugins/com.st.stm32cube.ide.mcu.externaltools.gnu-tools-for-stm32.9-2020-q2-update.linux64_2.0.0.202105311346/tools/bin/../lib/gcc/arm-none-eabi/9.3.1/../../../../arm-none-eabi/lib/thumb/v7e-m/nofp/libc_nano.a(lib_a-memset.o)
                              /opt/st/stm32cubeide_1.5.0/plugins/com.st.stm32cube.ide.mcu.externaltools.gnu-tools-for-stm32.9-2020-q2-update.linux64_2.0.0.202105311346/tools/bin/../lib/gcc/arm-none-eabi/9.3.1/../../../../arm-none-eabi/lib/thumb/v7e-m/nofp/crt0.o (memset)

Discarded input sections

 .text          0x0000000000000000        0x0 /opt/st/stm32cubeide_1.5.0/plugins/com.st.stm32cube.ide.mcu.externaltools.gnu-tools-for-stm32.9-2020-q2-update.linux64_2.0.0.202105311346/tools/bin/../lib/gcc/arm-none-eabi/9.3.1/thumb/v7e-m/nofp/crti.o
 .data          0x0000000000000000        0x0 /opt/st/stm32cubeide_1.5.0/plugins/com.st.stm32cube.ide.mcu.externaltools.gnu-tools-for-stm32.9-2020-q2-update.linux64_2.0.0.202105311346/tools/bin/../lib/gcc/arm-none-eabi/9.3.1/thumb/v7e-m/nofp/crti.o
 .bss           0x0000000000000000        0x0 /opt/st/stm32cubeide_1.5.0/plugins/com.st.stm32cube.ide.mcu.externaltools.gnu-tools-for-stm32.9-2020-q2-update.linux64_2.0.0.202105311346/tools/bin/../lib/gcc/arm-none-eabi/9.3.1/thumb/v7e-m/nofp/crti.o
 .data          0x0000000000000000        0x4 /opt/st/stm32cubeide_1.5.0/plugins/com.st.stm32cube.ide.mcu.externaltools.gnu-tools-for-stm32.9-2020-q2-update.linux64_2.0.0.202105311346/tools/bin/../lib/gcc/arm-none-eabi/9.3.1/thumb/v7e-m/nofp/crtbegin.o
 .text          0x0000000000000000       0x7c /opt/st/stm32cubeide_1.5.0/plugins/com.st.stm32cube.ide.mcu.externaltools.gnu-tools-for-stm32.9-2020-q2-update.linux64_2.0.0.202105311346/tools/bin/../lib/gcc/arm-none-eabi/9.3.1/../../../../arm-none-eabi/lib/thumb/v7e-m/nofp/crt0.o
 .data          0x0000000000000000        0x0 /opt/st/stm32cubeide_1.5.0/plugins/com.st.stm32cube.ide.mcu.externaltools.gnu-tools-for-stm32.9-2020-q2-update.linux64_2.0.0.202105311346/tools/bin/../lib/gcc/arm-none-eabi/9.3.1/../../../../arm-none-eabi/lib/thumb/v7e-m/nofp/crt0.o
 .bss           0x0000000000000000        0x0 /opt/st/stm32cubeide_1.5.0/plugins/com.st.stm32cube.ide.mcu.externaltools.gnu-tools-for-stm32.9-2020-q2-update.linux64_2.0.0.202105311346/tools/bin/../lib/gcc/arm-none-eabi/9.3.1/../../../../arm-none-eabi/lib/thumb/v7e-m/nofp/crt0.o
 .ARM.extab     0x0000000000000000        0x0 /opt/st/stm32cubeide_1.5.0/plugins/com.st.stm32cube.ide.mcu.externaltools.gnu-tools-for-stm32.9-2020-q2-update.linux64_2.0.0.202105311346/tools/bin/../lib/gcc/arm-none-eabi/9.3.1/../../../../arm-none-eabi/lib/thumb/v7e-m/nofp/crt0.o
 .ARM.exidx     0x0000000000000000       0x10 /opt/st/stm32cubeide_1.5.0/plugins/com.st.stm32cube.ide.mcu.externaltools.gnu-tools-for-stm32.9-2020-q2-update.linux64_2.0.0.202105311346/tools/bin/../lib/gcc/arm-none-eabi/9.3.1/../../../../arm-none-eabi/lib/thumb/v7e-m/nofp/crt0.o
 .ARM.attributes
                0x0000000000000000       0x1c /opt/st/stm32cubeide_1.5.0/plugins/com.st.stm32cube.ide.mcu.externaltools.gnu-tools-for-stm32.9-2020-q2-update.linux64_2.0.0.202105311346/tools/bin/../lib/gcc/arm-none-eabi/9.3.1/../../../../arm-none-eabi/lib/thumb/v7e-m/nofp/crt0.o
 .group         0x0000000000000000        0xc ./Src/007_i2c_master_tx_testing.o
 .group         0x0000000000000000        0xc ./Src/007_i2c_master_tx_testing.o
 .group         0x0000000000000000        0xc ./Src/007_i2c_master_tx_testing.o
 .group         0x0000000000000000        0xc ./Src/007_i2c_master_tx_testing.o
 .group         0x0000000000000000        0xc ./Src/007_i2c_master_tx_testing.o
 .group         0x0000000000000000        0xc ./Src/007_i2c_master_tx_testing.o
 .group         0x0000000000000000        0xc ./Src/007_i2c_master_tx_testing.o
 .group         0x0000000000000000        0xc ./Src/007_i2c_master_tx_testing.o
 .group         0x0000000000000000        0xc ./Src/007_i2c_master_tx_testing.o
 .group         0x0000000000000000        0xc ./Src/007_i2c_master_tx_testing.o
 .group         0x0000000000000000        0xc ./Src/007_i2c_master_tx_testing.o
 .group         0x0000000000000000        0xc ./Src/007_i2c_master_tx_testing.o
 .group         0x0000000000000000        0xc ./Src/007_i2c_master_tx_testing.o
 .group         0x0000000000000000        0xc ./Src/007_i2c_master_tx_testing.o
 .group         0x0000000000000000        0xc ./Src/007_i2c_master_tx_testing.o
 .group         0x0000000000000000        0xc ./Src/007_i2c_master_tx_testing.o
 .group         0x0000000000000000        0xc ./Src/007_i2c_master_tx_testing.o
 .group         0x0000000000000000        0xc ./Src/007_i2c_master_tx_testing.o
 .group         0x0000000000000000        0xc ./Src/007_i2c_master_tx_testing.o
 .group         0x0000000000000000        0xc ./Src/007_i2c_master_tx_testing.o
 .group         0x0000000000000000        0xc ./Src/007_i2c_master_tx_testing.o
 .group         0x0000000000000000        0xc ./Src/007_i2c_master_tx_testing.o
 .group         0x0000000000000000        0xc ./Src/007_i2c_master_tx_testing.o
 .group         0x0000000000000000        0xc ./Src/007_i2c_master_tx_testing.o
 .group         0x0000000000000000        0xc ./Src/007_i2c_master_tx_testing.o
 .group         0x0000000000000000        0xc ./Src/007_i2c_master_tx_testing.o
 .group         0x0000000000000000        0xc ./Src/007_i2c_master_tx_testing.o
 .text          0x0000000000000000        0x0 ./Src/007_i2c_master_tx_testing.o
 .data          0x0000000000000000        0x0 ./Src/007_i2c_master_tx_testing.o
 .bss           0x0000000000000000        0x0 ./Src/007_i2c_master_tx_testing.o
 .text.I2C1_GPIOInit
                0x0000000000000000       0x10 ./Src/007_i2c_master_tx_testing.o
 .text.I2C1_I2CInit
                0x0000000000000000        0xc ./Src/007_i2c_master_tx_testing.o
 .text.GPIO_ButtonInit
                0x0000000000000000       0x60 ./Src/007_i2c_master_tx_testing.o
 .group         0x0000000000000000        0xc ./Src/syscalls.o
 .group         0x0000000000000000        0xc ./Src/syscalls.o
 .group         0x0000000000000000        0xc ./Src/syscalls.o
 .group         0x0000000000000000        0xc ./Src/syscalls.o
 .group         0x0000000000000000        0xc ./Src/syscalls.o
 .group         0x0000000000000000        0xc ./Src/syscalls.o
 .group         0x0000000000000000        0xc ./Src/syscalls.o
 .group         0x0000000000000000        0xc ./Src/syscalls.o
 .group         0x0000000000000000        0xc ./Src/syscalls.o
 .group         0x0000000000000000        0xc ./Src/syscalls.o
 .group         0x0000000000000000        0xc ./Src/syscalls.o
 .group         0x0000000000000000        0xc ./Src/syscalls.o
 .group         0x0000000000000000        0xc ./Src/syscalls.o
 .group         0x0000000000000000        0xc ./Src/syscalls.o
 .group         0x0000000000000000        0xc ./Src/syscalls.o
 .group         0x0000000000000000        0xc ./Src/syscalls.o
 .group         0x0000000000000000        0xc ./Src/syscalls.o
 .group         0x0000000000000000        0xc ./Src/syscalls.o
 .group         0x0000000000000000        0xc ./Src/syscalls.o
 .group         0x0000000000000000        0xc ./Src/syscalls.o
 .group         0x0000000000000000        0xc ./Src/syscalls.o
 .group         0x0000000000000000        0xc ./Src/syscalls.o
 .group         0x0000000000000000        0xc ./Src/syscalls.o
 .group         0x0000000000000000        0xc ./Src/syscalls.o
 .group         0x0000000000000000        0xc ./Src/syscalls.o
 .group         0x0000000000000000        0xc ./Src/syscalls.o
 .group         0x0000000000000000        0xc ./Src/syscalls.o
 .group         0x0000000000000000        0xc ./Src/syscalls.o
 .group         0x0000000000000000        0xc ./Src/syscalls.o
 .group         0x0000000000000000        0xc ./Src/syscalls.o
 .group         0x0000000000000000        0xc ./Src/syscalls.o
 .group         0x0000000000000000        0xc ./Src/syscalls.o
 .group         0x0000000000000000        0xc ./Src/syscalls.o
 .group         0x0000000000000000        0xc ./Src/syscalls.o
 .group         0x0000000000000000        0xc ./Src/syscalls.o
 .group         0x0000000000000000        0xc ./Src/syscalls.o
 .group         0x0000000000000000        0xc ./Src/syscalls.o
 .group         0x0000000000000000        0xc ./Src/syscalls.o
 .group         0x0000000000000000        0xc ./Src/syscalls.o
 .group         0x0000000000000000        0xc ./Src/syscalls.o
 .group         0x0000000000000000        0xc ./Src/syscalls.o
 .group         0x0000000000000000        0xc ./Src/syscalls.o
 .group         0x0000000000000000        0xc ./Src/syscalls.o
 .group         0x0000000000000000        0xc ./Src/syscalls.o
 .group         0x0000000000000000        0xc ./Src/syscalls.o
 .group         0x0000000000000000        0xc ./Src/syscalls.o
 .group         0x0000000000000000        0xc ./Src/syscalls.o
 .text          0x0000000000000000        0x0 ./Src/syscalls.o
 .data          0x0000000000000000        0x0 ./Src/syscalls.o
 .bss           0x0000000000000000        0x0 ./Src/syscalls.o
 .bss.__env     0x0000000000000000        0x4 ./Src/syscalls.o
 .data.environ  0x0000000000000000        0x4 ./Src/syscalls.o
 .text.initialise_monitor_handles
                0x0000000000000000        0xc ./Src/syscalls.o
 .text._getpid  0x0000000000000000        0xe ./Src/syscalls.o
 .text._kill    0x0000000000000000       0x20 ./Src/syscalls.o
 .text._exit    0x0000000000000000       0x14 ./Src/syscalls.o
 .text._read    0x0000000000000000       0x3a ./Src/syscalls.o
 .text._write   0x0000000000000000       0x38 ./Src/syscalls.o
 .text._close   0x0000000000000000       0x16 ./Src/syscalls.o
 .text._fstat   0x0000000000000000       0x1e ./Src/syscalls.o
 .text._isatty  0x0000000000000000       0x14 ./Src/syscalls.o
 .text._lseek   0x0000000000000000       0x18 ./Src/syscalls.o
 .text._open    0x0000000000000000       0x1a ./Src/syscalls.o
 .text._wait    0x0000000000000000       0x1e ./Src/syscalls.o
 .text._unlink  0x0000000000000000       0x1e ./Src/syscalls.o
 .text._times   0x0000000000000000       0x16 ./Src/syscalls.o
 .text._stat    0x0000000000000000       0x1e ./Src/syscalls.o
 .text._link    0x0000000000000000       0x20 ./Src/syscalls.o
 .text._fork    0x0000000000000000       0x16 ./Src/syscalls.o
 .text._execve  0x0000000000000000       0x22 ./Src/syscalls.o
 .debug_info    0x0000000000000000      0xfa8 ./Src/syscalls.o
 .debug_abbrev  0x0000000000000000      0x286 ./Src/syscalls.o
 .debug_aranges
                0x0000000000000000       0xa8 ./Src/syscalls.o
 .debug_ranges  0x0000000000000000       0x98 ./Src/syscalls.o
 .debug_macro   0x0000000000000000      0x24c ./Src/syscalls.o
 .debug_macro   0x0000000000000000      0xaa8 ./Src/syscalls.o
 .debug_macro   0x0000000000000000       0x22 ./Src/syscalls.o
 .debug_macro   0x0000000000000000       0x4c ./Src/syscalls.o
 .debug_macro   0x0000000000000000       0x18 ./Src/syscalls.o
 .debug_macro   0x0000000000000000       0x94 ./Src/syscalls.o
 .debug_macro   0x0000000000000000       0x3c ./Src/syscalls.o
 .debug_macro   0x0000000000000000       0x34 ./Src/syscalls.o
 .debug_macro   0x0000000000000000       0x57 ./Src/syscalls.o
 .debug_macro   0x0000000000000000      0x174 ./Src/syscalls.o
 .debug_macro   0x0000000000000000      0x339 ./Src/syscalls.o
 .debug_macro   0x0000000000000000       0x16 ./Src/syscalls.o
 .debug_macro   0x0000000000000000       0x43 ./Src/syscalls.o
 .debug_macro   0x0000000000000000       0x34 ./Src/syscalls.o
 .debug_macro   0x0000000000000000       0x10 ./Src/syscalls.o
 .debug_macro   0x0000000000000000       0x58 ./Src/syscalls.o
 .debug_macro   0x0000000000000000       0x71 ./Src/syscalls.o
 .debug_macro   0x0000000000000000       0x1c ./Src/syscalls.o
 .debug_macro   0x0000000000000000      0x12a ./Src/syscalls.o
 .debug_macro   0x0000000000000000       0x10 ./Src/syscalls.o
 .debug_macro   0x0000000000000000       0x35 ./Src/syscalls.o
 .debug_macro   0x0000000000000000       0x10 ./Src/syscalls.o
 .debug_macro   0x0000000000000000       0x10 ./Src/syscalls.o
 .debug_macro   0x0000000000000000       0x10 ./Src/syscalls.o
 .debug_macro   0x0000000000000000       0x6a ./Src/syscalls.o
 .debug_macro   0x0000000000000000       0x1c ./Src/syscalls.o
 .debug_macro   0x0000000000000000       0x52 ./Src/syscalls.o
 .debug_macro   0x0000000000000000       0x22 ./Src/syscalls.o
 .debug_macro   0x0000000000000000       0x10 ./Src/syscalls.o
 .debug_macro   0x0000000000000000       0x40 ./Src/syscalls.o
 .debug_macro   0x0000000000000000       0xd5 ./Src/syscalls.o
 .debug_macro   0x0000000000000000       0x1c ./Src/syscalls.o
 .debug_macro   0x0000000000000000       0x3d ./Src/syscalls.o
 .debug_macro   0x0000000000000000       0x35 ./Src/syscalls.o
 .debug_macro   0x0000000000000000      0x12c ./Src/syscalls.o
 .debug_macro   0x0000000000000000       0x16 ./Src/syscalls.o
 .debug_macro   0x0000000000000000       0x16 ./Src/syscalls.o
 .debug_macro   0x0000000000000000       0x29 ./Src/syscalls.o
 .debug_macro   0x0000000000000000       0x10 ./Src/syscalls.o
 .debug_macro   0x0000000000000000      0x241 ./Src/syscalls.o
 .debug_macro   0x0000000000000000       0x1c ./Src/syscalls.o
 .debug_macro   0x0000000000000000       0x10 ./Src/syscalls.o
 .debug_macro   0x0000000000000000       0x10 ./Src/syscalls.o
 .debug_macro   0x0000000000000000       0x16 ./Src/syscalls.o
 .debug_macro   0x0000000000000000      0x145 ./Src/syscalls.o
 .debug_macro   0x0000000000000000      0x189 ./Src/syscalls.o
 .debug_macro   0x0000000000000000       0x16 ./Src/syscalls.o
 .debug_macro   0x0000000000000000       0xce ./Src/syscalls.o
 .debug_line    0x0000000000000000      0x7d0 ./Src/syscalls.o
 .debug_str     0x0000000000000000     0x8ed0 ./Src/syscalls.o
 .comment       0x0000000000000000       0x54 ./Src/syscalls.o
 .debug_frame   0x0000000000000000      0x2ac ./Src/syscalls.o
 .ARM.attributes
                0x0000000000000000       0x2e ./Src/syscalls.o
 .group         0x0000000000000000        0xc ./Src/sysmem.o
 .group         0x0000000000000000        0xc ./Src/sysmem.o
 .group         0x0000000000000000        0xc ./Src/sysmem.o
 .group         0x0000000000000000        0xc ./Src/sysmem.o
 .group         0x0000000000000000        0xc ./Src/sysmem.o
 .group         0x0000000000000000        0xc ./Src/sysmem.o
 .group         0x0000000000000000        0xc ./Src/sysmem.o
 .group         0x0000000000000000        0xc ./Src/sysmem.o
 .group         0x0000000000000000        0xc ./Src/sysmem.o
 .group         0x0000000000000000        0xc ./Src/sysmem.o
 .group         0x0000000000000000        0xc ./Src/sysmem.o
 .group         0x0000000000000000        0xc ./Src/sysmem.o
 .group         0x0000000000000000        0xc ./Src/sysmem.o
 .group         0x0000000000000000        0xc ./Src/sysmem.o
 .group         0x0000000000000000        0xc ./Src/sysmem.o
 .group         0x0000000000000000        0xc ./Src/sysmem.o
 .group         0x0000000000000000        0xc ./Src/sysmem.o
 .group         0x0000000000000000        0xc ./Src/sysmem.o
 .group         0x0000000000000000        0xc ./Src/sysmem.o
 .group         0x0000000000000000        0xc ./Src/sysmem.o
 .group         0x0000000000000000        0xc ./Src/sysmem.o
 .group         0x0000000000000000        0xc ./Src/sysmem.o
 .text          0x0000000000000000        0x0 ./Src/sysmem.o
 .data          0x0000000000000000        0x0 ./Src/sysmem.o
 .bss           0x0000000000000000        0x0 ./Src/sysmem.o
 .bss.__sbrk_heap_end
                0x0000000000000000        0x4 ./Src/sysmem.o
 .text._sbrk    0x0000000000000000       0x6c ./Src/sysmem.o
 .debug_info    0x0000000000000000      0xa25 ./Src/sysmem.o
 .debug_abbrev  0x0000000000000000      0x1bf ./Src/sysmem.o
 .debug_aranges
                0x0000000000000000       0x20 ./Src/sysmem.o
 .debug_ranges  0x0000000000000000       0x10 ./Src/sysmem.o
 .debug_macro   0x0000000000000000       0xff ./Src/sysmem.o
 .debug_macro   0x0000000000000000      0xaa8 ./Src/sysmem.o
 .debug_macro   0x0000000000000000       0x10 ./Src/sysmem.o
 .debug_macro   0x0000000000000000       0x22 ./Src/sysmem.o
 .debug_macro   0x0000000000000000       0x4c ./Src/sysmem.o
 .debug_macro   0x0000000000000000       0x18 ./Src/sysmem.o
 .debug_macro   0x0000000000000000       0x94 ./Src/sysmem.o
 .debug_macro   0x0000000000000000       0x3c ./Src/sysmem.o
 .debug_macro   0x0000000000000000       0x34 ./Src/sysmem.o
 .debug_macro   0x0000000000000000      0x174 ./Src/sysmem.o
 .debug_macro   0x0000000000000000       0x16 ./Src/sysmem.o
 .debug_macro   0x0000000000000000       0x43 ./Src/sysmem.o
 .debug_macro   0x0000000000000000       0x57 ./Src/sysmem.o
 .debug_macro   0x0000000000000000       0x34 ./Src/sysmem.o
 .debug_macro   0x0000000000000000       0x10 ./Src/sysmem.o
 .debug_macro   0x0000000000000000       0x58 ./Src/sysmem.o
 .debug_macro   0x0000000000000000       0x71 ./Src/sysmem.o
 .debug_macro   0x0000000000000000       0x1c ./Src/sysmem.o
 .debug_macro   0x0000000000000000      0x12a ./Src/sysmem.o
 .debug_macro   0x0000000000000000      0x23b ./Src/sysmem.o
 .debug_macro   0x0000000000000000      0x103 ./Src/sysmem.o
 .debug_macro   0x0000000000000000       0x6a ./Src/sysmem.o
 .debug_macro   0x0000000000000000      0x1df ./Src/sysmem.o
 .debug_line    0x0000000000000000      0x4c6 ./Src/sysmem.o
 .debug_str     0x0000000000000000     0x62a3 ./Src/sysmem.o
 .comment       0x0000000000000000       0x54 ./Src/sysmem.o
 .debug_frame   0x0000000000000000       0x34 ./Src/sysmem.o
 .ARM.attributes
                0x0000000000000000       0x2e ./Src/sysmem.o
 .text          0x0000000000000000       0x14 ./Startup/startup_stm32f407vgtx.o
 .data          0x0000000000000000        0x0 ./Startup/startup_stm32f407vgtx.o
 .bss           0x0000000000000000        0x0 ./Startup/startup_stm32f407vgtx.o
 .group         0x0000000000000000        0xc ./drivers/src/stm32f407xx_gpio_drv.o
 .group         0x0000000000000000        0xc ./drivers/src/stm32f407xx_gpio_drv.o
 .group         0x0000000000000000        0xc ./drivers/src/stm32f407xx_gpio_drv.o
 .group         0x0000000000000000        0xc ./drivers/src/stm32f407xx_gpio_drv.o
 .group         0x0000000000000000        0xc ./drivers/src/stm32f407xx_gpio_drv.o
 .group         0x0000000000000000        0xc ./drivers/src/stm32f407xx_gpio_drv.o
 .group         0x0000000000000000        0xc ./drivers/src/stm32f407xx_gpio_drv.o
 .group         0x0000000000000000        0xc ./drivers/src/stm32f407xx_gpio_drv.o
 .group         0x0000000000000000        0xc ./drivers/src/stm32f407xx_gpio_drv.o
 .group         0x0000000000000000        0xc ./drivers/src/stm32f407xx_gpio_drv.o
 .text          0x0000000000000000        0x0 ./drivers/src/stm32f407xx_gpio_drv.o
 .data          0x0000000000000000        0x0 ./drivers/src/stm32f407xx_gpio_drv.o
 .bss           0x0000000000000000        0x0 ./drivers/src/stm32f407xx_gpio_drv.o
 .text.GPIO_ClkCtrl
                0x0000000000000000      0x1d0 ./drivers/src/stm32f407xx_gpio_drv.o
 .text.GPIO_Init
                0x0000000000000000      0x33c ./drivers/src/stm32f407xx_gpio_drv.o
 .text.GPIO_DeInit
                0x0000000000000000      0x16c ./drivers/src/stm32f407xx_gpio_drv.o
 .text.GPIO_ReadPin
                0x0000000000000000       0x2a ./drivers/src/stm32f407xx_gpio_drv.o
 .text.GPIO_ReadPort
                0x0000000000000000       0x1a ./drivers/src/stm32f407xx_gpio_drv.o
 .text.GPIO_WritePin
                0x0000000000000000       0x48 ./drivers/src/stm32f407xx_gpio_drv.o
 .text.GPIO_WritePort
                0x0000000000000000       0x1c ./drivers/src/stm32f407xx_gpio_drv.o
 .text.GPIO_TogglePin
                0x0000000000000000       0x28 ./drivers/src/stm32f407xx_gpio_drv.o
 .text.GPIO_IRQInterruptConfig
                0x0000000000000000      0x108 ./drivers/src/stm32f407xx_gpio_drv.o
 .text.GPIO_IRQPriorityConfig
                0x0000000000000000       0x5a ./drivers/src/stm32f407xx_gpio_drv.o
 .text.GPIO_IRQHandler
                0x0000000000000000       0x40 ./drivers/src/stm32f407xx_gpio_drv.o
 .debug_info    0x0000000000000000      0x754 ./drivers/src/stm32f407xx_gpio_drv.o
 .debug_abbrev  0x0000000000000000      0x1a8 ./drivers/src/stm32f407xx_gpio_drv.o
 .debug_aranges
                0x0000000000000000       0x70 ./drivers/src/stm32f407xx_gpio_drv.o
 .debug_ranges  0x0000000000000000       0x60 ./drivers/src/stm32f407xx_gpio_drv.o
 .debug_macro   0x0000000000000000       0x84 ./drivers/src/stm32f407xx_gpio_drv.o
 .debug_macro   0x0000000000000000      0xaa8 ./drivers/src/stm32f407xx_gpio_drv.o
 .debug_macro   0x0000000000000000       0x22 ./drivers/src/stm32f407xx_gpio_drv.o
 .debug_macro   0x0000000000000000       0x8e ./drivers/src/stm32f407xx_gpio_drv.o
 .debug_macro   0x0000000000000000       0x51 ./drivers/src/stm32f407xx_gpio_drv.o
 .debug_macro   0x0000000000000000      0x103 ./drivers/src/stm32f407xx_gpio_drv.o
 .debug_macro   0x0000000000000000       0x6a ./drivers/src/stm32f407xx_gpio_drv.o
 .debug_macro   0x0000000000000000      0x1df ./drivers/src/stm32f407xx_gpio_drv.o
 .debug_macro   0x0000000000000000      0x174 ./drivers/src/stm32f407xx_gpio_drv.o
 .debug_macro   0x0000000000000000      0xab2 ./drivers/src/stm32f407xx_gpio_drv.o
 .debug_macro   0x0000000000000000      0x124 ./drivers/src/stm32f407xx_gpio_drv.o
 .debug_line    0x0000000000000000      0x9a0 ./drivers/src/stm32f407xx_gpio_drv.o
 .debug_str     0x0000000000000000     0x75ce ./drivers/src/stm32f407xx_gpio_drv.o
 .comment       0x0000000000000000       0x54 ./drivers/src/stm32f407xx_gpio_drv.o
 .debug_frame   0x0000000000000000      0x1c8 ./drivers/src/stm32f407xx_gpio_drv.o
 .ARM.attributes
                0x0000000000000000       0x2e ./drivers/src/stm32f407xx_gpio_drv.o
 .group         0x0000000000000000        0xc ./drivers/src/stm32f407xx_i2c_drv.o
 .group         0x0000000000000000        0xc ./drivers/src/stm32f407xx_i2c_drv.o
 .group         0x0000000000000000        0xc ./drivers/src/stm32f407xx_i2c_drv.o
 .group         0x0000000000000000        0xc ./drivers/src/stm32f407xx_i2c_drv.o
 .group         0x0000000000000000        0xc ./drivers/src/stm32f407xx_i2c_drv.o
 .group         0x0000000000000000        0xc ./drivers/src/stm32f407xx_i2c_drv.o
 .group         0x0000000000000000        0xc ./drivers/src/stm32f407xx_i2c_drv.o
 .group         0x0000000000000000        0xc ./drivers/src/stm32f407xx_i2c_drv.o
 .group         0x0000000000000000        0xc ./drivers/src/stm32f407xx_i2c_drv.o
 .group         0x0000000000000000        0xc ./drivers/src/stm32f407xx_i2c_drv.o
 .text          0x0000000000000000        0x0 ./drivers/src/stm32f407xx_i2c_drv.o
 .data          0x0000000000000000        0x0 ./drivers/src/stm32f407xx_i2c_drv.o
 .bss           0x0000000000000000        0x0 ./drivers/src/stm32f407xx_i2c_drv.o
 .data.ahbPrescaler
                0x0000000000000000       0x10 ./drivers/src/stm32f407xx_i2c_drv.o
 .data.apbPrescaler
                0x0000000000000000        0x4 ./drivers/src/stm32f407xx_i2c_drv.o
 .text.I2C_ClkCtrl
                0x0000000000000000       0xb0 ./drivers/src/stm32f407xx_i2c_drv.o
 .text.I2C_Init
                0x0000000000000000      0x120 ./drivers/src/stm32f407xx_i2c_drv.o
 .text.I2C_DeInit
                0x0000000000000000       0x88 ./drivers/src/stm32f407xx_i2c_drv.o
 .text.I2C_MasterSendData
                0x0000000000000000       0xc4 ./drivers/src/stm32f407xx_i2c_drv.o
 .text.I2C_IRQInterruptConfig
                0x0000000000000000       0x1a ./drivers/src/stm32f407xx_i2c_drv.o
 .text.I2C_IRQPriorityConfig
                0x0000000000000000       0x1a ./drivers/src/stm32f407xx_i2c_drv.o
 .text.I2C_GetFlagStatus
                0x0000000000000000       0x26 ./drivers/src/stm32f407xx_i2c_drv.o
 .text.I2C_PeripheralControl
                0x0000000000000000       0x16 ./drivers/src/stm32f407xx_i2c_drv.o
 .text.I2C_ApplicationEventCallback
                0x0000000000000000       0x16 ./drivers/src/stm32f407xx_i2c_drv.o
 .text.RCC_GetPLLOutputClk
                0x0000000000000000        0xe ./drivers/src/stm32f407xx_i2c_drv.o
 .text.RCC_GetPCLK1Value
                0x0000000000000000       0xb0 ./drivers/src/stm32f407xx_i2c_drv.o
 .text.I2C_GenerateStartCondition
                0x0000000000000000       0x1e ./drivers/src/stm32f407xx_i2c_drv.o
 .text.I2C_ExecuteAddressPhase
                0x0000000000000000       0x2a ./drivers/src/stm32f407xx_i2c_drv.o
 .text.I2C_ClearADDRFlag
                0x0000000000000000       0x1e ./drivers/src/stm32f407xx_i2c_drv.o
 .text.I2C_GenerateStopCondition
                0x0000000000000000       0x1e ./drivers/src/stm32f407xx_i2c_drv.o
 .debug_info    0x0000000000000000      0x75e ./drivers/src/stm32f407xx_i2c_drv.o
 .debug_abbrev  0x0000000000000000      0x204 ./drivers/src/stm32f407xx_i2c_drv.o
 .debug_aranges
                0x0000000000000000       0x90 ./drivers/src/stm32f407xx_i2c_drv.o
 .debug_ranges  0x0000000000000000       0x80 ./drivers/src/stm32f407xx_i2c_drv.o
 .debug_macro   0x0000000000000000       0x84 ./drivers/src/stm32f407xx_i2c_drv.o
 .debug_macro   0x0000000000000000      0xaa8 ./drivers/src/stm32f407xx_i2c_drv.o
 .debug_macro   0x0000000000000000       0x22 ./drivers/src/stm32f407xx_i2c_drv.o
 .debug_macro   0x0000000000000000       0x8e ./drivers/src/stm32f407xx_i2c_drv.o
 .debug_macro   0x0000000000000000       0x51 ./drivers/src/stm32f407xx_i2c_drv.o
 .debug_macro   0x0000000000000000      0x103 ./drivers/src/stm32f407xx_i2c_drv.o
 .debug_macro   0x0000000000000000       0x6a ./drivers/src/stm32f407xx_i2c_drv.o
 .debug_macro   0x0000000000000000      0x1df ./drivers/src/stm32f407xx_i2c_drv.o
 .debug_macro   0x0000000000000000      0x174 ./drivers/src/stm32f407xx_i2c_drv.o
 .debug_macro   0x0000000000000000      0xab2 ./drivers/src/stm32f407xx_i2c_drv.o
 .debug_macro   0x0000000000000000       0x82 ./drivers/src/stm32f407xx_i2c_drv.o
 .debug_line    0x0000000000000000      0x723 ./drivers/src/stm32f407xx_i2c_drv.o
 .debug_str     0x0000000000000000     0x75b4 ./drivers/src/stm32f407xx_i2c_drv.o
 .comment       0x0000000000000000       0x54 ./drivers/src/stm32f407xx_i2c_drv.o
 .debug_frame   0x0000000000000000      0x254 ./drivers/src/stm32f407xx_i2c_drv.o
 .ARM.attributes
                0x0000000000000000       0x2e ./drivers/src/stm32f407xx_i2c_drv.o
 .group         0x0000000000000000        0xc ./drivers/src/stm32f407xx_spi_drv.o
 .group         0x0000000000000000        0xc ./drivers/src/stm32f407xx_spi_drv.o
 .group         0x0000000000000000        0xc ./drivers/src/stm32f407xx_spi_drv.o
 .group         0x0000000000000000        0xc ./drivers/src/stm32f407xx_spi_drv.o
 .group         0x0000000000000000        0xc ./drivers/src/stm32f407xx_spi_drv.o
 .group         0x0000000000000000        0xc ./drivers/src/stm32f407xx_spi_drv.o
 .group         0x0000000000000000        0xc ./drivers/src/stm32f407xx_spi_drv.o
 .group         0x0000000000000000        0xc ./drivers/src/stm32f407xx_spi_drv.o
 .group         0x0000000000000000        0xc ./drivers/src/stm32f407xx_spi_drv.o
 .group         0x0000000000000000        0xc ./drivers/src/stm32f407xx_spi_drv.o
 .text          0x0000000000000000        0x0 ./drivers/src/stm32f407xx_spi_drv.o
 .data          0x0000000000000000        0x0 ./drivers/src/stm32f407xx_spi_drv.o
 .bss           0x0000000000000000        0x0 ./drivers/src/stm32f407xx_spi_drv.o
 .text.SPI_ClkCtrl
                0x0000000000000000       0xb0 ./drivers/src/stm32f407xx_spi_drv.o
 .text.SPI_Init
                0x0000000000000000       0xb6 ./drivers/src/stm32f407xx_spi_drv.o
 .text.SPI_DeInit
                0x0000000000000000       0x88 ./drivers/src/stm32f407xx_spi_drv.o
 .text.SPI_SendData
                0x0000000000000000       0x6e ./drivers/src/stm32f407xx_spi_drv.o
 .text.SPI_SendDataIT
                0x0000000000000000       0x46 ./drivers/src/stm32f407xx_spi_drv.o
 .text.SPI_ReceiveDataIT
                0x0000000000000000       0x46 ./drivers/src/stm32f407xx_spi_drv.o
 .text.SPI_ReceiveData
                0x0000000000000000       0x6e ./drivers/src/stm32f407xx_spi_drv.o
 .text.SPI_IRQInterruptConfig
                0x0000000000000000      0x108 ./drivers/src/stm32f407xx_spi_drv.o
 .text.SPI_IRQPriorityConfig
                0x0000000000000000       0x5a ./drivers/src/stm32f407xx_spi_drv.o
 .text.SPI_IRQHandling
                0x0000000000000000       0x9a ./drivers/src/stm32f407xx_spi_drv.o
 .text.SPI_GetFlagStatus
                0x0000000000000000       0x26 ./drivers/src/stm32f407xx_spi_drv.o
 .text.SPI_PeripheralControl
                0x0000000000000000       0x36 ./drivers/src/stm32f407xx_spi_drv.o
 .text.SPI_SSIConfig
                0x0000000000000000       0x36 ./drivers/src/stm32f407xx_spi_drv.o
 .text.SPI_SSOEConfig
                0x0000000000000000       0x36 ./drivers/src/stm32f407xx_spi_drv.o
 .text.spi_txe_interrupt_handle
                0x0000000000000000       0x80 ./drivers/src/stm32f407xx_spi_drv.o
 .text.spi_rxe_interrupt_handle
                0x0000000000000000       0x80 ./drivers/src/stm32f407xx_spi_drv.o
 .text.spi_ovr_interrupt_handle
                0x0000000000000000       0x30 ./drivers/src/stm32f407xx_spi_drv.o
 .text.SPI_ClearOVRFlag
                0x0000000000000000       0x12 ./drivers/src/stm32f407xx_spi_drv.o
 .text.SPI_CloseTx
                0x0000000000000000       0x34 ./drivers/src/stm32f407xx_spi_drv.o
 .text.SPI_CloseRx
                0x0000000000000000       0x34 ./drivers/src/stm32f407xx_spi_drv.o
 .text.SPI_ApplicationEventCallback
                0x0000000000000000       0x16 ./drivers/src/stm32f407xx_spi_drv.o
 .debug_info    0x0000000000000000      0x8ef ./drivers/src/stm32f407xx_spi_drv.o
 .debug_abbrev  0x0000000000000000      0x204 ./drivers/src/stm32f407xx_spi_drv.o
 .debug_aranges
                0x0000000000000000       0xc0 ./drivers/src/stm32f407xx_spi_drv.o
 .debug_ranges  0x0000000000000000       0xb0 ./drivers/src/stm32f407xx_spi_drv.o
 .debug_macro   0x0000000000000000       0x84 ./drivers/src/stm32f407xx_spi_drv.o
 .debug_macro   0x0000000000000000      0xaa8 ./drivers/src/stm32f407xx_spi_drv.o
 .debug_macro   0x0000000000000000       0x22 ./drivers/src/stm32f407xx_spi_drv.o
 .debug_macro   0x0000000000000000       0x8e ./drivers/src/stm32f407xx_spi_drv.o
 .debug_macro   0x0000000000000000       0x51 ./drivers/src/stm32f407xx_spi_drv.o
 .debug_macro   0x0000000000000000      0x103 ./drivers/src/stm32f407xx_spi_drv.o
 .debug_macro   0x0000000000000000       0x6a ./drivers/src/stm32f407xx_spi_drv.o
 .debug_macro   0x0000000000000000      0x1df ./drivers/src/stm32f407xx_spi_drv.o
 .debug_macro   0x0000000000000000      0x174 ./drivers/src/stm32f407xx_spi_drv.o
 .debug_macro   0x0000000000000000      0xab2 ./drivers/src/stm32f407xx_spi_drv.o
 .debug_macro   0x0000000000000000       0xbe ./drivers/src/stm32f407xx_spi_drv.o
 .debug_line    0x0000000000000000      0x948 ./drivers/src/stm32f407xx_spi_drv.o
 .debug_str     0x0000000000000000     0x7626 ./drivers/src/stm32f407xx_spi_drv.o
 .comment       0x0000000000000000       0x54 ./drivers/src/stm32f407xx_spi_drv.o
 .debug_frame   0x0000000000000000      0x33c ./drivers/src/stm32f407xx_spi_drv.o
 .ARM.attributes
                0x0000000000000000       0x2e ./drivers/src/stm32f407xx_spi_drv.o
 .text          0x0000000000000000        0x0 /opt/st/stm32cubeide_1.5.0/plugins/com.st.stm32cube.ide.mcu.externaltools.gnu-tools-for-stm32.9-2020-q2-update.linux64_2.0.0.202105311346/tools/bin/../lib/gcc/arm-none-eabi/9.3.1/../../../../arm-none-eabi/lib/thumb/v7e-m/nofp/libc_nano.a(lib_a-errno.o)
 .data          0x0000000000000000        0x0 /opt/st/stm32cubeide_1.5.0/plugins/com.st.stm32cube.ide.mcu.externaltools.gnu-tools-for-stm32.9-2020-q2-update.linux64_2.0.0.202105311346/tools/bin/../lib/gcc/arm-none-eabi/9.3.1/../../../../arm-none-eabi/lib/thumb/v7e-m/nofp/libc_nano.a(lib_a-errno.o)
 .bss           0x0000000000000000        0x0 /opt/st/stm32cubeide_1.5.0/plugins/com.st.stm32cube.ide.mcu.externaltools.gnu-tools-for-stm32.9-2020-q2-update.linux64_2.0.0.202105311346/tools/bin/../lib/gcc/arm-none-eabi/9.3.1/../../../../arm-none-eabi/lib/thumb/v7e-m/nofp/libc_nano.a(lib_a-errno.o)
 .text.__errno  0x0000000000000000        0xc /opt/st/stm32cubeide_1.5.0/plugins/com.st.stm32cube.ide.mcu.externaltools.gnu-tools-for-stm32.9-2020-q2-update.linux64_2.0.0.202105311346/tools/bin/../lib/gcc/arm-none-eabi/9.3.1/../../../../arm-none-eabi/lib/thumb/v7e-m/nofp/libc_nano.a(lib_a-errno.o)
 .debug_frame   0x0000000000000000       0x20 /opt/st/stm32cubeide_1.5.0/plugins/com.st.stm32cube.ide.mcu.externaltools.gnu-tools-for-stm32.9-2020-q2-update.linux64_2.0.0.202105311346/tools/bin/../lib/gcc/arm-none-eabi/9.3.1/../../../../arm-none-eabi/lib/thumb/v7e-m/nofp/libc_nano.a(lib_a-errno.o)
 .ARM.attributes
                0x0000000000000000       0x2e /opt/st/stm32cubeide_1.5.0/plugins/com.st.stm32cube.ide.mcu.externaltools.gnu-tools-for-stm32.9-2020-q2-update.linux64_2.0.0.202105311346/tools/bin/../lib/gcc/arm-none-eabi/9.3.1/../../../../arm-none-eabi/lib/thumb/v7e-m/nofp/libc_nano.a(lib_a-errno.o)
 .text          0x0000000000000000        0x0 /opt/st/stm32cubeide_1.5.0/plugins/com.st.stm32cube.ide.mcu.externaltools.gnu-tools-for-stm32.9-2020-q2-update.linux64_2.0.0.202105311346/tools/bin/../lib/gcc/arm-none-eabi/9.3.1/../../../../arm-none-eabi/lib/thumb/v7e-m/nofp/libc_nano.a(lib_a-exit.o)
 .data          0x0000000000000000        0x0 /opt/st/stm32cubeide_1.5.0/plugins/com.st.stm32cube.ide.mcu.externaltools.gnu-tools-for-stm32.9-2020-q2-update.linux64_2.0.0.202105311346/tools/bin/../lib/gcc/arm-none-eabi/9.3.1/../../../../arm-none-eabi/lib/thumb/v7e-m/nofp/libc_nano.a(lib_a-exit.o)
 .bss           0x0000000000000000        0x0 /opt/st/stm32cubeide_1.5.0/plugins/com.st.stm32cube.ide.mcu.externaltools.gnu-tools-for-stm32.9-2020-q2-update.linux64_2.0.0.202105311346/tools/bin/../lib/gcc/arm-none-eabi/9.3.1/../../../../arm-none-eabi/lib/thumb/v7e-m/nofp/libc_nano.a(lib_a-exit.o)
 .text.exit     0x0000000000000000       0x28 /opt/st/stm32cubeide_1.5.0/plugins/com.st.stm32cube.ide.mcu.externaltools.gnu-tools-for-stm32.9-2020-q2-update.linux64_2.0.0.202105311346/tools/bin/../lib/gcc/arm-none-eabi/9.3.1/../../../../arm-none-eabi/lib/thumb/v7e-m/nofp/libc_nano.a(lib_a-exit.o)
 .debug_frame   0x0000000000000000       0x28 /opt/st/stm32cubeide_1.5.0/plugins/com.st.stm32cube.ide.mcu.externaltools.gnu-tools-for-stm32.9-2020-q2-update.linux64_2.0.0.202105311346/tools/bin/../lib/gcc/arm-none-eabi/9.3.1/../../../../arm-none-eabi/lib/thumb/v7e-m/nofp/libc_nano.a(lib_a-exit.o)
 .ARM.attributes
                0x0000000000000000       0x2e /opt/st/stm32cubeide_1.5.0/plugins/com.st.stm32cube.ide.mcu.externaltools.gnu-tools-for-stm32.9-2020-q2-update.linux64_2.0.0.202105311346/tools/bin/../lib/gcc/arm-none-eabi/9.3.1/../../../../arm-none-eabi/lib/thumb/v7e-m/nofp/libc_nano.a(lib_a-exit.o)
 .text          0x0000000000000000        0x0 /opt/st/stm32cubeide_1.5.0/plugins/com.st.stm32cube.ide.mcu.externaltools.gnu-tools-for-stm32.9-2020-q2-update.linux64_2.0.0.202105311346/tools/bin/../lib/gcc/arm-none-eabi/9.3.1/../../../../arm-none-eabi/lib/thumb/v7e-m/nofp/libc_nano.a(lib_a-impure.o)
 .data          0x0000000000000000        0x0 /opt/st/stm32cubeide_1.5.0/plugins/com.st.stm32cube.ide.mcu.externaltools.gnu-tools-for-stm32.9-2020-q2-update.linux64_2.0.0.202105311346/tools/bin/../lib/gcc/arm-none-eabi/9.3.1/../../../../arm-none-eabi/lib/thumb/v7e-m/nofp/libc_nano.a(lib_a-impure.o)
 .bss           0x0000000000000000        0x0 /opt/st/stm32cubeide_1.5.0/plugins/com.st.stm32cube.ide.mcu.externaltools.gnu-tools-for-stm32.9-2020-q2-update.linux64_2.0.0.202105311346/tools/bin/../lib/gcc/arm-none-eabi/9.3.1/../../../../arm-none-eabi/lib/thumb/v7e-m/nofp/libc_nano.a(lib_a-impure.o)
 .data._impure_ptr
                0x0000000000000000        0x4 /opt/st/stm32cubeide_1.5.0/plugins/com.st.stm32cube.ide.mcu.externaltools.gnu-tools-for-stm32.9-2020-q2-update.linux64_2.0.0.202105311346/tools/bin/../lib/gcc/arm-none-eabi/9.3.1/../../../../arm-none-eabi/lib/thumb/v7e-m/nofp/libc_nano.a(lib_a-impure.o)
 .data.impure_data
                0x0000000000000000       0x60 /opt/st/stm32cubeide_1.5.0/plugins/com.st.stm32cube.ide.mcu.externaltools.gnu-tools-for-stm32.9-2020-q2-update.linux64_2.0.0.202105311346/tools/bin/../lib/gcc/arm-none-eabi/9.3.1/../../../../arm-none-eabi/lib/thumb/v7e-m/nofp/libc_nano.a(lib_a-impure.o)
 .rodata._global_impure_ptr
                0x0000000000000000        0x4 /opt/st/stm32cubeide_1.5.0/plugins/com.st.stm32cube.ide.mcu.externaltools.gnu-tools-for-stm32.9-2020-q2-update.linux64_2.0.0.202105311346/tools/bin/../lib/gcc/arm-none-eabi/9.3.1/../../../../arm-none-eabi/lib/thumb/v7e-m/nofp/libc_nano.a(lib_a-impure.o)
 .ARM.attributes
                0x0000000000000000       0x2e /opt/st/stm32cubeide_1.5.0/plugins/com.st.stm32cube.ide.mcu.externaltools.gnu-tools-for-stm32.9-2020-q2-update.linux64_2.0.0.202105311346/tools/bin/../lib/gcc/arm-none-eabi/9.3.1/../../../../arm-none-eabi/lib/thumb/v7e-m/nofp/libc_nano.a(lib_a-impure.o)
 .text          0x0000000000000000        0x0 /opt/st/stm32cubeide_1.5.0/plugins/com.st.stm32cube.ide.mcu.externaltools.gnu-tools-for-stm32.9-2020-q2-update.linux64_2.0.0.202105311346/tools/bin/../lib/gcc/arm-none-eabi/9.3.1/../../../../arm-none-eabi/lib/thumb/v7e-m/nofp/libc_nano.a(lib_a-init.o)
 .data          0x0000000000000000        0x0 /opt/st/stm32cubeide_1.5.0/plugins/com.st.stm32cube.ide.mcu.externaltools.gnu-tools-for-stm32.9-2020-q2-update.linux64_2.0.0.202105311346/tools/bin/../lib/gcc/arm-none-eabi/9.3.1/../../../../arm-none-eabi/lib/thumb/v7e-m/nofp/libc_nano.a(lib_a-init.o)
 .bss           0x0000000000000000        0x0 /opt/st/stm32cubeide_1.5.0/plugins/com.st.stm32cube.ide.mcu.externaltools.gnu-tools-for-stm32.9-2020-q2-update.linux64_2.0.0.202105311346/tools/bin/../lib/gcc/arm-none-eabi/9.3.1/../../../../arm-none-eabi/lib/thumb/v7e-m/nofp/libc_nano.a(lib_a-init.o)
 .text          0x0000000000000000        0x0 /opt/st/stm32cubeide_1.5.0/plugins/com.st.stm32cube.ide.mcu.externaltools.gnu-tools-for-stm32.9-2020-q2-update.linux64_2.0.0.202105311346/tools/bin/../lib/gcc/arm-none-eabi/9.3.1/../../../../arm-none-eabi/lib/thumb/v7e-m/nofp/libc_nano.a(lib_a-memset.o)
 .data          0x0000000000000000        0x0 /opt/st/stm32cubeide_1.5.0/plugins/com.st.stm32cube.ide.mcu.externaltools.gnu-tools-for-stm32.9-2020-q2-update.linux64_2.0.0.202105311346/tools/bin/../lib/gcc/arm-none-eabi/9.3.1/../../../../arm-none-eabi/lib/thumb/v7e-m/nofp/libc_nano.a(lib_a-memset.o)
 .bss           0x0000000000000000        0x0 /opt/st/stm32cubeide_1.5.0/plugins/com.st.stm32cube.ide.mcu.externaltools.gnu-tools-for-stm32.9-2020-q2-update.linux64_2.0.0.202105311346/tools/bin/../lib/gcc/arm-none-eabi/9.3.1/../../../../arm-none-eabi/lib/thumb/v7e-m/nofp/libc_nano.a(lib_a-memset.o)
 .text.memset   0x0000000000000000       0x10 /opt/st/stm32cubeide_1.5.0/plugins/com.st.stm32cube.ide.mcu.externaltools.gnu-tools-for-stm32.9-2020-q2-update.linux64_2.0.0.202105311346/tools/bin/../lib/gcc/arm-none-eabi/9.3.1/../../../../arm-none-eabi/lib/thumb/v7e-m/nofp/libc_nano.a(lib_a-memset.o)
 .debug_frame   0x0000000000000000       0x20 /opt/st/stm32cubeide_1.5.0/plugins/com.st.stm32cube.ide.mcu.externaltools.gnu-tools-for-stm32.9-2020-q2-update.linux64_2.0.0.202105311346/tools/bin/../lib/gcc/arm-none-eabi/9.3.1/../../../../arm-none-eabi/lib/thumb/v7e-m/nofp/libc_nano.a(lib_a-memset.o)
 .ARM.attributes
                0x0000000000000000       0x2e /opt/st/stm32cubeide_1.5.0/plugins/com.st.stm32cube.ide.mcu.externaltools.gnu-tools-for-stm32.9-2020-q2-update.linux64_2.0.0.202105311346/tools/bin/../lib/gcc/arm-none-eabi/9.3.1/../../../../arm-none-eabi/lib/thumb/v7e-m/nofp/libc_nano.a(lib_a-memset.o)
 .text          0x0000000000000000        0x0 /opt/st/stm32cubeide_1.5.0/plugins/com.st.stm32cube.ide.mcu.externaltools.gnu-tools-for-stm32.9-2020-q2-update.linux64_2.0.0.202105311346/tools/bin/../lib/gcc/arm-none-eabi/9.3.1/thumb/v7e-m/nofp/crtend.o
 .data          0x0000000000000000        0x0 /opt/st/stm32cubeide_1.5.0/plugins/com.st.stm32cube.ide.mcu.externaltools.gnu-tools-for-stm32.9-2020-q2-update.linux64_2.0.0.202105311346/tools/bin/../lib/gcc/arm-none-eabi/9.3.1/thumb/v7e-m/nofp/crtend.o
 .bss           0x0000000000000000        0x0 /opt/st/stm32cubeide_1.5.0/plugins/com.st.stm32cube.ide.mcu.externaltools.gnu-tools-for-stm32.9-2020-q2-update.linux64_2.0.0.202105311346/tools/bin/../lib/gcc/arm-none-eabi/9.3.1/thumb/v7e-m/nofp/crtend.o
 .eh_frame      0x0000000000000000        0x4 /opt/st/stm32cubeide_1.5.0/plugins/com.st.stm32cube.ide.mcu.externaltools.gnu-tools-for-stm32.9-2020-q2-update.linux64_2.0.0.202105311346/tools/bin/../lib/gcc/arm-none-eabi/9.3.1/thumb/v7e-m/nofp/crtend.o
 .ARM.attributes
                0x0000000000000000       0x2e /opt/st/stm32cubeide_1.5.0/plugins/com.st.stm32cube.ide.mcu.externaltools.gnu-tools-for-stm32.9-2020-q2-update.linux64_2.0.0.202105311346/tools/bin/../lib/gcc/arm-none-eabi/9.3.1/thumb/v7e-m/nofp/crtend.o
 .text          0x0000000000000000        0x0 /opt/st/stm32cubeide_1.5.0/plugins/com.st.stm32cube.ide.mcu.externaltools.gnu-tools-for-stm32.9-2020-q2-update.linux64_2.0.0.202105311346/tools/bin/../lib/gcc/arm-none-eabi/9.3.1/thumb/v7e-m/nofp/crtn.o
 .data          0x0000000000000000        0x0 /opt/st/stm32cubeide_1.5.0/plugins/com.st.stm32cube.ide.mcu.externaltools.gnu-tools-for-stm32.9-2020-q2-update.linux64_2.0.0.202105311346/tools/bin/../lib/gcc/arm-none-eabi/9.3.1/thumb/v7e-m/nofp/crtn.o
 .bss           0x0000000000000000        0x0 /opt/st/stm32cubeide_1.5.0/plugins/com.st.stm32cube.ide.mcu.externaltools.gnu-tools-for-stm32.9-2020-q2-update.linux64_2.0.0.202105311346/tools/bin/../lib/gcc/arm-none-eabi/9.3.1/thumb/v7e-m/nofp/crtn.o

Memory Configuration

Name             Origin             Length             Attributes
CCMRAM           0x0000000010000000 0x0000000000010000 xrw
RAM              0x0000000020000000 0x0000000000020000 xrw
FLASH            0x0000000008000000 0x0000000000100000 xr
*default*        0x0000000000000000 0xffffffffffffffff

Linker script and memory map

LOAD /opt/st/stm32cubeide_1.5.0/plugins/com.st.stm32cube.ide.mcu.externaltools.gnu-tools-for-stm32.9-2020-q2-update.linux64_2.0.0.202105311346/tools/bin/../lib/gcc/arm-none-eabi/9.3.1/thumb/v7e-m/nofp/crti.o
LOAD /opt/st/stm32cubeide_1.5.0/plugins/com.st.stm32cube.ide.mcu.externaltools.gnu-tools-for-stm32.9-2020-q2-update.linux64_2.0.0.202105311346/tools/bin/../lib/gcc/arm-none-eabi/9.3.1/thumb/v7e-m/nofp/crtbegin.o
LOAD /opt/st/stm32cubeide_1.5.0/plugins/com.st.stm32cube.ide.mcu.externaltools.gnu-tools-for-stm32.9-2020-q2-update.linux64_2.0.0.202105311346/tools/bin/../lib/gcc/arm-none-eabi/9.3.1/../../../../arm-none-eabi/lib/thumb/v7e-m/nofp/crt0.o
LOAD ./Src/007_i2c_master_tx_testing.o
LOAD ./Src/syscalls.o
LOAD ./Src/sysmem.o
LOAD ./Startup/startup_stm32f407vgtx.o
LOAD ./drivers/src/stm32f407xx_gpio_drv.o
LOAD ./drivers/src/stm32f407xx_i2c_drv.o
LOAD ./drivers/src/stm32f407xx_spi_drv.o
START GROUP
LOAD /opt/st/stm32cubeide_1.5.0/plugins/com.st.stm32cube.ide.mcu.externaltools.gnu-tools-for-stm32.9-2020-q2-update.linux64_2.0.0.202105311346/tools/bin/../lib/gcc/arm-none-eabi/9.3.1/../../../../arm-none-eabi/lib/thumb/v7e-m/nofp/libc_nano.a
LOAD /opt/st/stm32cubeide_1.5.0/plugins/com.st.stm32cube.ide.mcu.externaltools.gnu-tools-for-stm32.9-2020-q2-update.linux64_2.0.0.202105311346/tools/bin/../lib/gcc/arm-none-eabi/9.3.1/../../../../arm-none-eabi/lib/thumb/v7e-m/nofp/libm.a
END GROUP
START GROUP
LOAD /opt/st/stm32cubeide_1.5.0/plugins/com.st.stm32cube.ide.mcu.externaltools.gnu-tools-for-stm32.9-2020-q2-update.linux64_2.0.0.202105311346/tools/bin/../lib/gcc/arm-none-eabi/9.3.1/thumb/v7e-m/nofp/libgcc.a
LOAD /opt/st/stm32cubeide_1.5.0/plugins/com.st.stm32cube.ide.mcu.externaltools.gnu-tools-for-stm32.9-2020-q2-update.linux64_2.0.0.202105311346/tools/bin/../lib/gcc/arm-none-eabi/9.3.1/../../../../arm-none-eabi/lib/thumb/v7e-m/nofp/libc_nano.a
END GROUP
START GROUP
LOAD /opt/st/stm32cubeide_1.5.0/plugins/com.st.stm32cube.ide.mcu.externaltools.gnu-tools-for-stm32.9-2020-q2-update.linux64_2.0.0.202105311346/tools/bin/../lib/gcc/arm-none-eabi/9.3.1/thumb/v7e-m/nofp/libgcc.a
LOAD /opt/st/stm32cubeide_1.5.0/plugins/com.st.stm32cube.ide.mcu.externaltools.gnu-tools-for-stm32.9-2020-q2-update.linux64_2.0.0.202105311346/tools/bin/../lib/gcc/arm-none-eabi/9.3.1/../../../../arm-none-eabi/lib/thumb/v7e-m/nofp/libc_nano.a
LOAD /opt/st/stm32cubeide_1.5.0/plugins/com.st.stm32cube.ide.mcu.externaltools.gnu-tools-for-stm32.9-2020-q2-update.linux64_2.0.0.202105311346/tools/bin/../lib/gcc/arm-none-eabi/9.3.1/../../../../arm-none-eabi/lib/thumb/v7e-m/nofp/libnosys.a
END GROUP
START GROUP
LOAD /opt/st/stm32cubeide_1.5.0/plugins/com.st.stm32cube.ide.mcu.externaltools.gnu-tools-for-stm32.9-2020-q2-update.linux64_2.0.0.202105311346/tools/bin/../lib/gcc/arm-none-eabi/9.3.1/thumb/v7e-m/nofp/libgcc.a
LOAD /opt/st/stm32cubeide_1.5.0/plugins/com.st.stm32cube.ide.mcu.externaltools.gnu-tools-for-stm32.9-2020-q2-update.linux64_2.0.0.202105311346/tools/bin/../lib/gcc/arm-none-eabi/9.3.1/../../../../arm-none-eabi/lib/thumb/v7e-m/nofp/libc_nano.a
LOAD /opt/st/stm32cubeide_1.5.0/plugins/com.st.stm32cube.ide.mcu.externaltools.gnu-tools-for-stm32.9-2020-q2-update.linux64_2.0.0.202105311346/tools/bin/../lib/gcc/arm-none-eabi/9.3.1/../../../../arm-none-eabi/lib/thumb/v7e-m/nofp/libnosys.a
END GROUP
LOAD /opt/st/stm32cubeide_1.5.0/plugins/com.st.stm32cube.ide.mcu.externaltools.gnu-tools-for-stm32.9-2020-q2-update.linux64_2.0.0.202105311346/tools/bin/../lib/gcc/arm-none-eabi/9.3.1/thumb/v7e-m/nofp/crtend.o
LOAD /opt/st/stm32cubeide_1.5.0/plugins/com.st.stm32cube.ide.mcu.externaltools.gnu-tools-for-stm32.9-2020-q2-update.linux64_2.0.0.202105311346/tools/bin/../lib/gcc/arm-none-eabi/9.3.1/thumb/v7e-m/nofp/crtn.o
                0x0000000020020000                _estack = (ORIGIN (RAM) + LENGTH (RAM))
                0x0000000000000200                _Min_Heap_Size = 0x200
                0x0000000000000400                _Min_Stack_Size = 0x400

.isr_vector     0x0000000008000000      0x1a8
                0x0000000008000000                . = ALIGN (0x4)
 *(.isr_vector)
 .isr_vector    0x0000000008000000      0x1a8 ./Startup/startup_stm32f407vgtx.o
                0x0000000008000000                g_pfnVectors
                0x00000000080001a8                . = ALIGN (0x4)

.text           0x00000000080001a8      0x104
                0x00000000080001a8                . = ALIGN (0x4)
 *(.text)
 .text          0x00000000080001a8       0x40 /opt/st/stm32cubeide_1.5.0/plugins/com.st.stm32cube.ide.mcu.externaltools.gnu-tools-for-stm32.9-2020-q2-update.linux64_2.0.0.202105311346/tools/bin/../lib/gcc/arm-none-eabi/9.3.1/thumb/v7e-m/nofp/crtbegin.o
 *(.text*)
 .text.main     0x00000000080001e8        0xe ./Src/007_i2c_master_tx_testing.o
                0x00000000080001e8                main
 *fill*         0x00000000080001f6        0x2 
 .text.Reset_Handler
                0x00000000080001f8       0x50 ./Startup/startup_stm32f407vgtx.o
                0x00000000080001f8                Reset_Handler
 .text.Default_Handler
                0x0000000008000248        0x2 ./Startup/startup_stm32f407vgtx.o
                0x0000000008000248                RTC_Alarm_IRQHandler
                0x0000000008000248                HASH_RNG_IRQHandler
                0x0000000008000248                EXTI2_IRQHandler
                0x0000000008000248                TIM8_CC_IRQHandler
                0x0000000008000248                DebugMon_Handler
                0x0000000008000248                TIM1_CC_IRQHandler
                0x0000000008000248                DMA2_Stream5_IRQHandler
                0x0000000008000248                HardFault_Handler
                0x0000000008000248                DMA1_Stream5_IRQHandler
                0x0000000008000248                SysTick_Handler
                0x0000000008000248                PVD_IRQHandler
                0x0000000008000248                SDIO_IRQHandler
                0x0000000008000248                TAMP_STAMP_IRQHandler
                0x0000000008000248                PendSV_Handler
                0x0000000008000248                NMI_Handler
                0x0000000008000248                CAN2_RX1_IRQHandler
                0x0000000008000248                EXTI3_IRQHandler
                0x0000000008000248                TIM8_TRG_COM_TIM14_IRQHandler
                0x0000000008000248                TIM1_UP_TIM10_IRQHandler
                0x0000000008000248                TIM8_UP_TIM13_IRQHandler
                0x0000000008000248                I2C3_ER_IRQHandler
                0x0000000008000248                LCD_TFT_IRQHandler
                0x0000000008000248                EXTI0_IRQHandler
                0x0000000008000248                I2C2_EV_IRQHandler
                0x0000000008000248                DMA1_Stream2_IRQHandler
                0x0000000008000248                CAN1_RX0_IRQHandler
                0x0000000008000248                FPU_IRQHandler
                0x0000000008000248                OTG_HS_WKUP_IRQHandler
                0x0000000008000248                UsageFault_Handler
                0x0000000008000248                CAN2_SCE_IRQHandler
                0x0000000008000248                DMA2_Stream2_IRQHandler
                0x0000000008000248                SPI1_IRQHandler
                0x0000000008000248                TIM6_DAC_IRQHandler
                0x0000000008000248                TIM1_BRK_TIM9_IRQHandler
                0x0000000008000248                DCMI_IRQHandler
                0x0000000008000248                CAN2_RX0_IRQHandler
                0x0000000008000248                DMA2_Stream3_IRQHandler
                0x0000000008000248                USART6_IRQHandler
                0x0000000008000248                USART3_IRQHandler
                0x0000000008000248                CRYP_IRQHandler
                0x0000000008000248                CAN1_RX1_IRQHandler
                0x0000000008000248                UART5_IRQHandler
                0x0000000008000248                DMA2_Stream0_IRQHandler
                0x0000000008000248                TIM4_IRQHandler
                0x0000000008000248                I2C1_EV_IRQHandler
                0x0000000008000248                DMA1_Stream6_IRQHandler
                0x0000000008000248                DMA1_Stream1_IRQHandler
                0x0000000008000248                UART4_IRQHandler
                0x0000000008000248                LCD_TFT_1_IRQHandler
                0x0000000008000248                TIM3_IRQHandler
                0x0000000008000248                RCC_IRQHandler
                0x0000000008000248                TIM8_BRK_TIM12_IRQHandler
                0x0000000008000248                Default_Handler
                0x0000000008000248                EXTI15_10_IRQHandler
                0x0000000008000248                ADC_IRQHandler
                0x0000000008000248                DMA1_Stream7_IRQHandler
                0x0000000008000248                TIM7_IRQHandler
                0x0000000008000248                CAN2_TX_IRQHandler
                0x0000000008000248                TIM5_IRQHandler
                0x0000000008000248                DMA2_Stream7_IRQHandler
                0x0000000008000248                I2C3_EV_IRQHandler
                0x0000000008000248                EXTI9_5_IRQHandler
                0x0000000008000248                RTC_WKUP_IRQHandler
                0x0000000008000248                ETH_WKUP_IRQHandler
                0x0000000008000248                SPI2_IRQHandler
                0x0000000008000248                OTG_HS_EP1_IN_IRQHandler
                0x0000000008000248                MemManage_Handler
                0x0000000008000248                DMA1_Stream0_IRQHandler
                0x0000000008000248                CAN1_TX_IRQHandler
                0x0000000008000248                SVC_Handler
                0x0000000008000248                EXTI4_IRQHandler
                0x0000000008000248                FSMC_IRQHandler
                0x0000000008000248                ETH_IRQHandler
                0x0000000008000248                OTG_HS_EP1_OUT_IRQHandler
                0x0000000008000248                WWDG_IRQHandler
                0x0000000008000248                TIM2_IRQHandler
                0x0000000008000248                OTG_FS_WKUP_IRQHandler
                0x0000000008000248                TIM1_TRG_COM_TIM11_IRQHandler
                0x0000000008000248                OTG_HS_IRQHandler
                0x0000000008000248                EXTI1_IRQHandler
                0x0000000008000248                USART2_IRQHandler
                0x0000000008000248                I2C2_ER_IRQHandler
                0x0000000008000248                DMA2_Stream1_IRQHandler
                0x0000000008000248                CAN1_SCE_IRQHandler
                0x0000000008000248                DMA2_Stream4_IRQHandler
                0x0000000008000248                BusFault_Handler
                0x0000000008000248                USART1_IRQHandler
                0x0000000008000248                OTG_FS_IRQHandler
                0x0000000008000248                SPI3_IRQHandler
                0x0000000008000248                DMA1_Stream4_IRQHandler
                0x0000000008000248                I2C1_ER_IRQHandler
                0x0000000008000248                DMA2_Stream6_IRQHandler
                0x0000000008000248                DMA1_Stream3_IRQHandler
 *fill*         0x000000000800024a        0x2 
 .text.__libc_init_array
                0x000000000800024c       0x48 /opt/st/stm32cubeide_1.5.0/plugins/com.st.stm32cube.ide.mcu.externaltools.gnu-tools-for-stm32.9-2020-q2-update.linux64_2.0.0.202105311346/tools/bin/../lib/gcc/arm-none-eabi/9.3.1/../../../../arm-none-eabi/lib/thumb/v7e-m/nofp/libc_nano.a(lib_a-init.o)
                0x000000000800024c                __libc_init_array
 *(.glue_7)
 .glue_7        0x0000000008000294        0x0 linker stubs
 *(.glue_7t)
 .glue_7t       0x0000000008000294        0x0 linker stubs
 *(.eh_frame)
 .eh_frame      0x0000000008000294        0x0 /opt/st/stm32cubeide_1.5.0/plugins/com.st.stm32cube.ide.mcu.externaltools.gnu-tools-for-stm32.9-2020-q2-update.linux64_2.0.0.202105311346/tools/bin/../lib/gcc/arm-none-eabi/9.3.1/thumb/v7e-m/nofp/crtbegin.o
 *(.init)
 .init          0x0000000008000294        0x4 /opt/st/stm32cubeide_1.5.0/plugins/com.st.stm32cube.ide.mcu.externaltools.gnu-tools-for-stm32.9-2020-q2-update.linux64_2.0.0.202105311346/tools/bin/../lib/gcc/arm-none-eabi/9.3.1/thumb/v7e-m/nofp/crti.o
                0x0000000008000294                _init
 .init          0x0000000008000298        0x8 /opt/st/stm32cubeide_1.5.0/plugins/com.st.stm32cube.ide.mcu.externaltools.gnu-tools-for-stm32.9-2020-q2-update.linux64_2.0.0.202105311346/tools/bin/../lib/gcc/arm-none-eabi/9.3.1/thumb/v7e-m/nofp/crtn.o
 *(.fini)
 .fini          0x00000000080002a0        0x4 /opt/st/stm32cubeide_1.5.0/plugins/com.st.stm32cube.ide.mcu.externaltools.gnu-tools-for-stm32.9-2020-q2-update.linux64_2.0.0.202105311346/tools/bin/../lib/gcc/arm-none-eabi/9.3.1/thumb/v7e-m/nofp/crti.o
                0x00000000080002a0                _fini
 .fini          0x00000000080002a4        0x8 /opt/st/stm32cubeide_1.5.0/plugins/com.st.stm32cube.ide.mcu.externaltools.gnu-tools-for-stm32.9-2020-q2-update.linux64_2.0.0.202105311346/tools/bin/../lib/gcc/arm-none-eabi/9.3.1/thumb/v7e-m/nofp/crtn.o
                0x00000000080002ac                . = ALIGN (0x4)
                0x00000000080002ac                _etext = .

.vfp11_veneer   0x00000000080002ac        0x0
 .vfp11_veneer  0x00000000080002ac        0x0 linker stubs

.v4_bx          0x00000000080002ac        0x0
 .v4_bx         0x00000000080002ac        0x0 linker stubs

.iplt           0x00000000080002ac        0x0
 .iplt          0x00000000080002ac        0x0 /opt/st/stm32cubeide_1.5.0/plugins/com.st.stm32cube.ide.mcu.externaltools.gnu-tools-for-stm32.9-2020-q2-update.linux64_2.0.0.202105311346/tools/bin/../lib/gcc/arm-none-eabi/9.3.1/thumb/v7e-m/nofp/crtbegin.o

.rel.dyn        0x00000000080002ac        0x0
 .rel.iplt      0x00000000080002ac        0x0 /opt/st/stm32cubeide_1.5.0/plugins/com.st.stm32cube.ide.mcu.externaltools.gnu-tools-for-stm32.9-2020-q2-update.linux64_2.0.0.202105311346/tools/bin/../lib/gcc/arm-none-eabi/9.3.1/thumb/v7e-m/nofp/crtbegin.o

.rodata         0x00000000080002ac        0x0
                0x00000000080002ac                . = ALIGN (0x4)
 *(.rodata)
 *(.rodata*)
                0x00000000080002ac                . = ALIGN (0x4)

.ARM.extab      0x00000000080002ac        0x0
                0x00000000080002ac                . = ALIGN (0x4)
 *(.ARM.extab* .gnu.linkonce.armextab.*)
                0x00000000080002ac                . = ALIGN (0x4)

.ARM            0x00000000080002ac        0x0
                0x00000000080002ac                . = ALIGN (0x4)
                0x00000000080002ac                __exidx_start = .
 *(.ARM.exidx*)
                0x00000000080002ac                __exidx_end = .
                0x00000000080002ac                . = ALIGN (0x4)

.preinit_array  0x00000000080002ac        0x0
                0x00000000080002ac                . = ALIGN (0x4)
                0x00000000080002ac                PROVIDE (__preinit_array_start = .)
 *(.preinit_array*)
                0x00000000080002ac                PROVIDE (__preinit_array_end = .)
                0x00000000080002ac                . = ALIGN (0x4)

.init_array     0x00000000080002ac        0x4
                0x00000000080002ac                . = ALIGN (0x4)
                0x00000000080002ac                PROVIDE (__init_array_start = .)
 *(SORT_BY_NAME(.init_array.*))
 *(.init_array*)
 .init_array    0x00000000080002ac        0x4 /opt/st/stm32cubeide_1.5.0/plugins/com.st.stm32cube.ide.mcu.externaltools.gnu-tools-for-stm32.9-2020-q2-update.linux64_2.0.0.202105311346/tools/bin/../lib/gcc/arm-none-eabi/9.3.1/thumb/v7e-m/nofp/crtbegin.o
                0x00000000080002b0                PROVIDE (__init_array_end = .)
                0x00000000080002b0                . = ALIGN (0x4)

.fini_array     0x00000000080002b0        0x4
                0x00000000080002b0                . = ALIGN (0x4)
                [!provide]                        PROVIDE (__fini_array_start = .)
 *(SORT_BY_NAME(.fini_array.*))
 *(.fini_array*)
 .fini_array    0x00000000080002b0        0x4 /opt/st/stm32cubeide_1.5.0/plugins/com.st.stm32cube.ide.mcu.externaltools.gnu-tools-for-stm32.9-2020-q2-update.linux64_2.0.0.202105311346/tools/bin/../lib/gcc/arm-none-eabi/9.3.1/thumb/v7e-m/nofp/crtbegin.o
                [!provide]                        PROVIDE (__fini_array_end = .)
                0x00000000080002b4                . = ALIGN (0x4)
                0x00000000080002b4                _sidata = LOADADDR (.data)

.data           0x0000000020000000        0x0 load address 0x00000000080002b4
                0x0000000020000000                . = ALIGN (0x4)
                0x0000000020000000                _sdata = .
 *(.data)
 *(.data*)
 *(.RamFunc)
 *(.RamFunc*)
                0x0000000020000000                . = ALIGN (0x4)
                0x0000000020000000                _edata = .
                0x00000000080002b4                _siccmram = LOADADDR (.ccmram)

.igot.plt       0x0000000020000000        0x0 load address 0x00000000080002b4
 .igot.plt      0x0000000020000000        0x0 /opt/st/stm32cubeide_1.5.0/plugins/com.st.stm32cube.ide.mcu.externaltools.gnu-tools-for-stm32.9-2020-q2-update.linux64_2.0.0.202105311346/tools/bin/../lib/gcc/arm-none-eabi/9.3.1/thumb/v7e-m/nofp/crtbegin.o

.ccmram         0x0000000010000000        0x0 load address 0x00000000080002b4
                0x0000000010000000                . = ALIGN (0x4)
                0x0000000010000000                _sccmram = .
 *(.ccmram)
 *(.ccmram*)
                0x0000000010000000                . = ALIGN (0x4)
                0x0000000010000000                _eccmram = .
                0x0000000010000000                . = ALIGN (0x4)

.bss            0x0000000020000000       0x1c
                0x0000000020000000                _sbss = .
                0x0000000020000000                __bss_start__ = _sbss
 *(.bss)
 .bss           0x0000000020000000       0x1c /opt/st/stm32cubeide_1.5.0/plugins/com.st.stm32cube.ide.mcu.externaltools.gnu-tools-for-stm32.9-2020-q2-update.linux64_2.0.0.202105311346/tools/bin/../lib/gcc/arm-none-eabi/9.3.1/thumb/v7e-m/nofp/crtbegin.o
 *(.bss*)
 *(COMMON)
                0x000000002000001c                . = ALIGN (0x4)
                0x000000002000001c                _ebss = .
                0x000000002000001c                __bss_end__ = _ebss

._user_heap_stack
                0x000000002000001c      0x604
                0x0000000020000020                . = ALIGN (0x8)
 *fill*         0x000000002000001c        0x4 
                [!provide]                        PROVIDE (end = .)
                0x0000000020000020                PROVIDE (_end = .)
                0x0000000020000220                . = (. + _Min_Heap_Size)
 *fill*         0x0000000020000020      0x200 
                0x0000000020000620                . = (. + _Min_Stack_Size)
 *fill*         0x0000000020000220      0x400 
                0x0000000020000620                . = ALIGN (0x8)

/DISCARD/
 libc.a(*)
 libm.a(*)
 libgcc.a(*)

.ARM.attributes
                0x0000000000000000       0x2a
 *(.ARM.attributes)
 .ARM.attributes
                0x0000000000000000       0x1e /opt/st/stm32cubeide_1.5.0/plugins/com.st.stm32cube.ide.mcu.externaltools.gnu-tools-for-stm32.9-2020-q2-update.linux64_2.0.0.202105311346/tools/bin/../lib/gcc/arm-none-eabi/9.3.1/thumb/v7e-m/nofp/crti.o
 .ARM.attributes
                0x000000000000001e       0x2e /opt/st/stm32cubeide_1.5.0/plugins/com.st.stm32cube.ide.mcu.externaltools.gnu-tools-for-stm32.9-2020-q2-update.linux64_2.0.0.202105311346/tools/bin/../lib/gcc/arm-none-eabi/9.3.1/thumb/v7e-m/nofp/crtbegin.o
 .ARM.attributes
                0x000000000000004c       0x2e ./Src/007_i2c_master_tx_testing.o
 .ARM.attributes
                0x000000000000007a       0x21 ./Startup/startup_stm32f407vgtx.o
 .ARM.attributes
                0x000000000000009b       0x2e /opt/st/stm32cubeide_1.5.0/plugins/com.st.stm32cube.ide.mcu.externaltools.gnu-tools-for-stm32.9-2020-q2-update.linux64_2.0.0.202105311346/tools/bin/../lib/gcc/arm-none-eabi/9.3.1/../../../../arm-none-eabi/lib/thumb/v7e-m/nofp/libc_nano.a(lib_a-init.o)
 .ARM.attributes
                0x00000000000000c9       0x1e /opt/st/stm32cubeide_1.5.0/plugins/com.st.stm32cube.ide.mcu.externaltools.gnu-tools-for-stm32.9-2020-q2-update.linux64_2.0.0.202105311346/tools/bin/../lib/gcc/arm-none-eabi/9.3.1/thumb/v7e-m/nofp/crtn.o
OUTPUT(stm32f4xx_drivers.elf elf32-littlearm)
LOAD linker stubs
LOAD /opt/st/stm32cubeide_1.5.0/plugins/com.st.stm32cube.ide.mcu.externaltools.gnu-tools-for-stm32.9-2020-q2-update.linux64_2.0.0.202105311346/tools/bin/../lib/gcc/arm-none-eabi/9.3.1/../../../../arm-none-eabi/lib/thumb/v7e-m/nofp/libc.a
LOAD /opt/st/stm32cubeide_1.5.0/plugins/com.st.stm32cube.ide.mcu.externaltools.gnu-tools-for-stm32.9-2020-q2-update.linux64_2.0.0.202105311346/tools/bin/../lib/gcc/arm-none-eabi/9.3.1/../../../../arm-none-eabi/lib/thumb/v7e-m/nofp/libm.a
LOAD /opt/st/stm32cubeide_1.5.0/plugins/com.st.stm32cube.ide.mcu.externaltools.gnu-tools-for-stm32.9-2020-q2-update.linux64_2.0.0.202105311346/tools/bin/../lib/gcc/arm-none-eabi/9.3.1/thumb/v7e-m/nofp/libgcc.a

.debug_info     0x0000000000000000      0xb2f
 .debug_info    0x0000000000000000      0xb0d ./Src/007_i2c_master_tx_testing.o
 .debug_info    0x0000000000000b0d       0x22 ./Startup/startup_stm32f407vgtx.o

.debug_abbrev   0x0000000000000000      0x20c
 .debug_abbrev  0x0000000000000000      0x1fa ./Src/007_i2c_master_tx_testing.o
 .debug_abbrev  0x00000000000001fa       0x12 ./Startup/startup_stm32f407vgtx.o

.debug_aranges  0x0000000000000000       0x60
 .debug_aranges
                0x0000000000000000       0x38 ./Src/007_i2c_master_tx_testing.o
 .debug_aranges
                0x0000000000000038       0x28 ./Startup/startup_stm32f407vgtx.o

.debug_ranges   0x0000000000000000       0x48
 .debug_ranges  0x0000000000000000       0x28 ./Src/007_i2c_master_tx_testing.o
 .debug_ranges  0x0000000000000028       0x20 ./Startup/startup_stm32f407vgtx.o

.debug_macro    0x0000000000000000     0x254e
 .debug_macro   0x0000000000000000      0x169 ./Src/007_i2c_master_tx_testing.o
 .debug_macro   0x0000000000000169      0xaa8 ./Src/007_i2c_master_tx_testing.o
 .debug_macro   0x0000000000000c11       0x22 ./Src/007_i2c_master_tx_testing.o
 .debug_macro   0x0000000000000c33       0x8e ./Src/007_i2c_master_tx_testing.o
 .debug_macro   0x0000000000000cc1       0x51 ./Src/007_i2c_master_tx_testing.o
 .debug_macro   0x0000000000000d12      0x103 ./Src/007_i2c_master_tx_testing.o
 .debug_macro   0x0000000000000e15       0x6a ./Src/007_i2c_master_tx_testing.o
 .debug_macro   0x0000000000000e7f      0x1df ./Src/007_i2c_master_tx_testing.o
 .debug_macro   0x000000000000105e      0x174 ./Src/007_i2c_master_tx_testing.o
 .debug_macro   0x00000000000011d2      0xab2 ./Src/007_i2c_master_tx_testing.o
 .debug_macro   0x0000000000001c84       0x82 ./Src/007_i2c_master_tx_testing.o
 .debug_macro   0x0000000000001d06      0x124 ./Src/007_i2c_master_tx_testing.o
 .debug_macro   0x0000000000001e2a       0x52 ./Src/007_i2c_master_tx_testing.o
 .debug_macro   0x0000000000001e7c       0x18 ./Src/007_i2c_master_tx_testing.o
 .debug_macro   0x0000000000001e94       0x3c ./Src/007_i2c_master_tx_testing.o
 .debug_macro   0x0000000000001ed0       0x34 ./Src/007_i2c_master_tx_testing.o
 .debug_macro   0x0000000000001f04       0x16 ./Src/007_i2c_master_tx_testing.o
 .debug_macro   0x0000000000001f1a       0x43 ./Src/007_i2c_master_tx_testing.o
 .debug_macro   0x0000000000001f5d       0x34 ./Src/007_i2c_master_tx_testing.o
 .debug_macro   0x0000000000001f91       0x10 ./Src/007_i2c_master_tx_testing.o
 .debug_macro   0x0000000000001fa1       0x58 ./Src/007_i2c_master_tx_testing.o
 .debug_macro   0x0000000000001ff9       0x71 ./Src/007_i2c_master_tx_testing.o
 .debug_macro   0x000000000000206a       0x1c ./Src/007_i2c_master_tx_testing.o
 .debug_macro   0x0000000000002086      0x12a ./Src/007_i2c_master_tx_testing.o
 .debug_macro   0x00000000000021b0      0x339 ./Src/007_i2c_master_tx_testing.o
 .debug_macro   0x00000000000024e9       0x10 ./Src/007_i2c_master_tx_testing.o
 .debug_macro   0x00000000000024f9       0x35 ./Src/007_i2c_master_tx_testing.o
 .debug_macro   0x000000000000252e       0x20 ./Src/007_i2c_master_tx_testing.o

.debug_line     0x0000000000000000      0x671
 .debug_line    0x0000000000000000      0x5ed ./Src/007_i2c_master_tx_testing.o
 .debug_line    0x00000000000005ed       0x84 ./Startup/startup_stm32f407vgtx.o

.debug_str      0x0000000000000000     0xa622
 .debug_str     0x0000000000000000     0xa5f1 ./Src/007_i2c_master_tx_testing.o
                                       0xa86c (size before relaxing)
 .debug_str     0x000000000000a5f1       0x31 ./Startup/startup_stm32f407vgtx.o
                                         0x99 (size before relaxing)

.comment        0x0000000000000000       0x53
 .comment       0x0000000000000000       0x53 ./Src/007_i2c_master_tx_testing.o
                                         0x54 (size before relaxing)

.debug_frame    0x0000000000000000       0xc8
 .debug_frame   0x0000000000000000       0x9c ./Src/007_i2c_master_tx_testing.o
 .debug_frame   0x000000000000009c       0x2c /opt/st/stm32cubeide_1.5.0/plugins/com.st.stm32cube.ide.mcu.externaltools.gnu-tools-for-stm32.9-2020-q2-update.linux64_2.0.0.202105311346/tools/bin/../lib/gcc/arm-none-eabi/9.3.1/../../../../arm-none-eabi/lib/thumb/v7e-m/nofp/libc_nano.a(lib_a-init.o)
