11:46:31 **** Incremental Build of configuration Debug for project 006_hse_measurement ****
make -j4 all 
arm-none-eabi-gcc "../Src/main.c" -mcpu=cortex-m4 -std=gnu11 -g3 -DDEBUG -DSTM32 -DSTM32F407G_DISC1 -DSTM32F4 -DSTM32F407VGTx -c -I../Inc -O0 -ffunction-sections -fdata-sections -Wall -fstack-usage -MMD -MP -MF"Src/main.d" -MT"Src/main.o" --specs=nano.specs -mfloat-abi=soft -mthumb -o "Src/main.o"
arm-none-eabi-gcc -o "006_hse_measurement.elf" @"objects.list"   -mcpu=cortex-m4 -T"/home/joseph/Documents/workspace.fastbit/mastering_micro_driver_dev_1/workspace/006_hse_measurement/STM32F407VGTX_FLASH.ld" --specs=nosys.specs -Wl,-Map="006_hse_measurement.map" -Wl,--gc-sections -static --specs=nano.specs -mfloat-abi=soft -mthumb -Wl,--start-group -lc -lm -Wl,--end-group
Finished building target: 006_hse_measurement.elf
 
arm-none-eabi-size   006_hse_measurement.elf 
arm-none-eabi-objdump -h -S  006_hse_measurement.elf  > "006_hse_measurement.list"
arm-none-eabi-objcopy  -O binary  006_hse_measurement.elf  "006_hse_measurement.bin"
   text	   data	    bss	    dec	    hex	filename
    840	      8	   1568	   2416	    970	006_hse_measurement.elf
Finished building: default.size.stdout
Finished building: 006_hse_measurement.list
 
 
Finished building: 006_hse_measurement.bin
 

11:46:32 Build Finished. 0 errors, 0 warnings. (took 1s.330ms)

