16:32:32 **** Incremental Build of configuration Debug for project stm32f4xx_drivers ****
make -j4 all 
arm-none-eabi-gcc "../Src/007_i2c_master_tx_testing.c" -mcpu=cortex-m4 -std=gnu11 -g3 -DDEBUG -DSTM32 -DSTM32F407G_DISC1 -DSTM32F4 -DSTM32F407VGTx -c -I../Inc -I"/home/joseph/Documents/workspace.fastbit/mastering_micro_driver_dev_1/workspace/stm32f4xx_drivers/drivers/inc" -O0 -ffunction-sections -fdata-sections -Wall -fstack-usage -MMD -MP -MF"Src/007_i2c_master_tx_testing.d" -MT"Src/007_i2c_master_tx_testing.o" --specs=nano.specs -mfloat-abi=soft -mthumb -o "Src/007_i2c_master_tx_testing.o"
../Src/007_i2c_master_tx_testing.c: In function 'I2C1_GPIOInit':
../Src/007_i2c_master_tx_testing.c:20:16: warning: unused variable 'I2CPins' [-Wunused-variable]
   20 |  GPIO_Handle_t I2CPins;
      |                ^~~~~~~
arm-none-eabi-gcc -o "stm32f4xx_drivers.elf" @"objects.list"   -mcpu=cortex-m4 -T"/home/joseph/Documents/workspace.fastbit/mastering_micro_driver_dev_1/workspace/stm32f4xx_drivers/STM32F407VGTX_FLASH.ld" --specs=nosys.specs -Wl,-Map="stm32f4xx_drivers.map" -Wl,--gc-sections -static --specs=nano.specs -mfloat-abi=soft -mthumb -Wl,--start-group -lc -lm -Wl,--end-group
Finished building target: stm32f4xx_drivers.elf
 
arm-none-eabi-size   stm32f4xx_drivers.elf 
arm-none-eabi-objdump -h -S  stm32f4xx_drivers.elf  > "stm32f4xx_drivers.list"
   text	   data	    bss	    dec	    hex	filename
    684	      8	   1568	   2260	    8d4	stm32f4xx_drivers.elf
arm-none-eabi-objcopy  -O binary  stm32f4xx_drivers.elf  "stm32f4xx_drivers.bin"
Finished building: default.size.stdout
 
Finished building: stm32f4xx_drivers.bin
 
Finished building: stm32f4xx_drivers.list
 

16:32:34 Build Finished. 0 errors, 1 warnings. (took 1s.355ms)

